// Vitest Snapshot v1, https://vitest.dev/guide/snapshot.html

exports[`Pokemon Transformer > correctly transforms Aegislash 1`] = `
{
  "forms": [
    {
      "evolvesFrom": "doublade",
      "evolvesInto": [],
      "formName": "aegislash-shield",
      "modes": [
        {
          "abilities": [
            "stance-change",
          ],
          "baseStats": {
            "attack": 50,
            "defense": 140,
            "hp": 60,
            "specialAttack": 50,
            "specialDefense": 140,
            "speed": 60,
          },
          "isDefault": true,
          "modeName": "aegislash-shield",
          "sprite": "https://raw.githubusercontent.com/PokeAPI/sprites/master/sprites/pokemon/681.png",
          "types": [
            "steel",
            "ghost",
          ],
        },
        {
          "abilities": [
            "stance-change",
          ],
          "baseStats": {
            "attack": 140,
            "defense": 50,
            "hp": 60,
            "specialAttack": 140,
            "specialDefense": 50,
            "speed": 60,
          },
          "isDefault": false,
          "modeName": "aegislash-blade",
          "sprite": "https://raw.githubusercontent.com/PokeAPI/sprites/master/sprites/pokemon/10026.png",
          "types": [
            "steel",
            "ghost",
          ],
        },
      ],
      "movePool": [
        "swords-dance",
        "cut",
        "tackle",
        "hyper-beam",
        "toxic",
        "screech",
        "double-team",
        "reflect",
        "rest",
        "rock-slide",
        "slash",
        "substitute",
        "snore",
        "reversal",
        "spite",
        "protect",
        "endure",
        "false-swipe",
        "swagger",
        "fury-cutter",
        "attract",
        "sleep-talk",
        "return",
        "frustration",
        "pursuit",
        "hidden-power",
        "rain-dance",
        "sunny-day",
        "shadow-ball",
        "rock-smash",
        "facade",
        "brick-break",
        "secret-power",
        "metal-sound",
        "aerial-ace",
        "iron-defense",
        "block",
        "shock-wave",
        "gyro-ball",
        "close-combat",
        "power-trick",
        "magnet-rise",
        "night-slash",
        "air-slash",
        "giga-impact",
        "shadow-claw",
        "shadow-sneak",
        "psycho-cut",
        "flash-cannon",
        "iron-head",
        "head-smash",
        "autotomize",
        "after-you",
        "round",
        "retaliate",
        "sacred-sword",
        "kings-shield",
        "confide",
        "solar-blade",
        "laser-focus",
        "brutal-swing",
        "steel-beam",
      ],
    },
  ],
  "name": "Aegislash",
  "nationalDexNumber": 681,
}
`;

exports[`Pokemon Transformer > correctly transforms Darmanitan 1`] = `
{
  "forms": [
    {
      "evolvesFrom": "darumaka",
      "evolvesInto": [],
      "formName": "darmanitan-standard",
      "modes": [
        {
          "abilities": [
            "sheer-force",
            "zen-mode",
          ],
          "baseStats": {
            "attack": 140,
            "defense": 55,
            "hp": 105,
            "specialAttack": 30,
            "specialDefense": 55,
            "speed": 95,
          },
          "isDefault": true,
          "modeName": "darmanitan-standard",
          "sprite": "https://raw.githubusercontent.com/PokeAPI/sprites/master/sprites/pokemon/555.png",
          "types": [
            "fire",
          ],
        },
        {
          "abilities": [
            "sheer-force",
            "zen-mode",
          ],
          "baseStats": {
            "attack": 30,
            "defense": 105,
            "hp": 105,
            "specialAttack": 140,
            "specialDefense": 105,
            "speed": 55,
          },
          "isDefault": false,
          "modeName": "darmanitan-zen",
          "sprite": "https://raw.githubusercontent.com/PokeAPI/sprites/master/sprites/pokemon/10017.png",
          "types": [
            "fire",
            "psychic",
          ],
        },
      ],
      "movePool": [
        "mega-punch",
        "fire-punch",
        "mega-kick",
        "headbutt",
        "tackle",
        "body-slam",
        "thrash",
        "bite",
        "roar",
        "ember",
        "flamethrower",
        "hyper-beam",
        "strength",
        "solar-beam",
        "fire-spin",
        "earthquake",
        "dig",
        "toxic",
        "psychic",
        "rage",
        "double-team",
        "focus-energy",
        "fire-blast",
        "rest",
        "rock-slide",
        "substitute",
        "thief",
        "snore",
        "reversal",
        "protect",
        "belly-drum",
        "endure",
        "rollout",
        "swagger",
        "attract",
        "sleep-talk",
        "return",
        "frustration",
        "encore",
        "hidden-power",
        "sunny-day",
        "future-sight",
        "rock-smash",
        "uproar",
        "heat-wave",
        "torment",
        "will-o-wisp",
        "facade",
        "focus-punch",
        "taunt",
        "trick",
        "superpower",
        "brick-break",
        "endeavor",
        "snatch",
        "secret-power",
        "overheat",
        "rock-tomb",
        "iron-defense",
        "bulk-up",
        "hammer-arm",
        "gyro-ball",
        "u-turn",
        "payback",
        "fling",
        "power-swap",
        "guard-swap",
        "flare-blitz",
        "focus-blast",
        "giga-impact",
        "fire-fang",
        "zen-headbutt",
        "iron-head",
        "stone-edge",
        "grass-knot",
        "smack-down",
        "flame-charge",
        "round",
        "incinerate",
        "bulldoze",
        "work-up",
        "confide",
        "mystical-fire",
        "power-up-punch",
        "laser-focus",
        "body-press",
        "expanding-force",
        "burning-jealousy",
        "lash-out",
      ],
    },
    {
      "evolvesFrom": "darumaka",
      "evolvesInto": [],
      "formName": "darmanitan-galar-standard",
      "modes": [
        {
          "abilities": [
            "gorilla-tactics",
            "zen-mode",
          ],
          "baseStats": {
            "attack": 140,
            "defense": 55,
            "hp": 105,
            "specialAttack": 30,
            "specialDefense": 55,
            "speed": 95,
          },
          "isDefault": false,
          "modeName": "darmanitan-galar-standard",
          "sprite": "https://raw.githubusercontent.com/PokeAPI/sprites/master/sprites/pokemon/10177.png",
          "types": [
            "ice",
          ],
        },
        {
          "abilities": [
            "gorilla-tactics",
            "zen-mode",
          ],
          "baseStats": {
            "attack": 160,
            "defense": 55,
            "hp": 105,
            "specialAttack": 30,
            "specialDefense": 55,
            "speed": 135,
          },
          "isDefault": false,
          "modeName": "darmanitan-galar-zen",
          "sprite": "https://raw.githubusercontent.com/PokeAPI/sprites/master/sprites/pokemon/10178.png",
          "types": [
            "ice",
            "fire",
          ],
        },
      ],
      "movePool": [
        "mega-punch",
        "fire-punch",
        "ice-punch",
        "mega-kick",
        "headbutt",
        "tackle",
        "body-slam",
        "thrash",
        "bite",
        "flamethrower",
        "ice-beam",
        "blizzard",
        "hyper-beam",
        "solar-beam",
        "fire-spin",
        "earthquake",
        "dig",
        "psychic",
        "focus-energy",
        "fire-blast",
        "rest",
        "rock-slide",
        "substitute",
        "thief",
        "snore",
        "reversal",
        "powder-snow",
        "protect",
        "belly-drum",
        "endure",
        "attract",
        "sleep-talk",
        "encore",
        "sunny-day",
        "uproar",
        "heat-wave",
        "will-o-wisp",
        "facade",
        "taunt",
        "superpower",
        "brick-break",
        "overheat",
        "rock-tomb",
        "iron-defense",
        "bulk-up",
        "gyro-ball",
        "u-turn",
        "payback",
        "fling",
        "flare-blitz",
        "focus-blast",
        "giga-impact",
        "avalanche",
        "ice-fang",
        "fire-fang",
        "zen-headbutt",
        "iron-head",
        "stone-edge",
        "grass-knot",
        "round",
        "bulldoze",
        "work-up",
        "icicle-crash",
        "body-press",
        "burning-jealousy",
        "lash-out",
      ],
    },
  ],
  "name": "Darmanitan",
  "nationalDexNumber": 555,
}
`;

exports[`Pokemon Transformer > correctly transforms Minior 1`] = `
{
  "forms": [
    {
      "evolvesFrom": "",
      "evolvesInto": [],
      "formName": "minior-red-meteor",
      "modes": [
        {
          "abilities": [
            "shields-down",
          ],
          "baseStats": {
            "attack": 60,
            "defense": 100,
            "hp": 60,
            "specialAttack": 60,
            "specialDefense": 100,
            "speed": 60,
          },
          "isDefault": true,
          "modeName": "minior-red-meteor",
          "sprite": "https://raw.githubusercontent.com/PokeAPI/sprites/master/sprites/pokemon/774.png",
          "types": [
            "rock",
            "flying",
          ],
        },
        {
          "abilities": [
            "shields-down",
          ],
          "baseStats": {
            "attack": 100,
            "defense": 60,
            "hp": 60,
            "specialAttack": 100,
            "specialDefense": 60,
            "speed": 120,
          },
          "isDefault": false,
          "modeName": "minior-red",
          "sprite": "https://raw.githubusercontent.com/PokeAPI/sprites/master/sprites/pokemon/10136.png",
          "types": [
            "rock",
            "flying",
          ],
        },
      ],
      "movePool": [
        "tackle",
        "take-down",
        "double-edge",
        "hyper-beam",
        "solar-beam",
        "earthquake",
        "toxic",
        "psychic",
        "double-team",
        "confuse-ray",
        "defense-curl",
        "light-screen",
        "reflect",
        "self-destruct",
        "swift",
        "explosion",
        "rest",
        "rock-slide",
        "substitute",
        "snore",
        "protect",
        "sandstorm",
        "endure",
        "rollout",
        "swagger",
        "attract",
        "sleep-talk",
        "return",
        "frustration",
        "safeguard",
        "hidden-power",
        "psych-up",
        "ancient-power",
        "facade",
        "endeavor",
        "rock-tomb",
        "cosmic-power",
        "calm-mind",
        "rock-blast",
        "gravity",
        "gyro-ball",
        "u-turn",
        "last-resort",
        "magnet-rise",
        "rock-polish",
        "power-gem",
        "earth-power",
        "giga-impact",
        "zen-headbutt",
        "iron-head",
        "stone-edge",
        "stealth-rock",
        "charge-beam",
        "autotomize",
        "telekinesis",
        "round",
        "shell-smash",
        "acrobatics",
        "bulldoze",
        "confide",
        "dazzling-gleam",
        "meteor-beam",
        "scorching-sands",
        "tera-blast",
      ],
    },
    {
      "evolvesFrom": "",
      "evolvesInto": [],
      "formName": "minior-orange-meteor",
      "modes": [
        {
          "abilities": [
            "shields-down",
          ],
          "baseStats": {
            "attack": 60,
            "defense": 100,
            "hp": 60,
            "specialAttack": 60,
            "specialDefense": 100,
            "speed": 60,
          },
          "isDefault": false,
          "modeName": "minior-orange-meteor",
          "sprite": "https://raw.githubusercontent.com/PokeAPI/sprites/master/sprites/pokemon/10130.png",
          "types": [
            "rock",
            "flying",
          ],
        },
        {
          "abilities": [
            "shields-down",
          ],
          "baseStats": {
            "attack": 100,
            "defense": 60,
            "hp": 60,
            "specialAttack": 100,
            "specialDefense": 60,
            "speed": 120,
          },
          "isDefault": false,
          "modeName": "minior-orange",
          "sprite": "https://raw.githubusercontent.com/PokeAPI/sprites/master/sprites/pokemon/10137.png",
          "types": [
            "rock",
            "flying",
          ],
        },
      ],
      "movePool": [
        "tackle",
        "take-down",
        "double-edge",
        "hyper-beam",
        "solar-beam",
        "earthquake",
        "toxic",
        "psychic",
        "double-team",
        "confuse-ray",
        "defense-curl",
        "light-screen",
        "reflect",
        "self-destruct",
        "swift",
        "explosion",
        "rest",
        "rock-slide",
        "substitute",
        "snore",
        "protect",
        "sandstorm",
        "endure",
        "rollout",
        "swagger",
        "attract",
        "sleep-talk",
        "return",
        "frustration",
        "safeguard",
        "hidden-power",
        "psych-up",
        "ancient-power",
        "facade",
        "endeavor",
        "rock-tomb",
        "cosmic-power",
        "calm-mind",
        "rock-blast",
        "gravity",
        "gyro-ball",
        "u-turn",
        "last-resort",
        "magnet-rise",
        "rock-polish",
        "power-gem",
        "earth-power",
        "giga-impact",
        "zen-headbutt",
        "iron-head",
        "stone-edge",
        "stealth-rock",
        "charge-beam",
        "autotomize",
        "telekinesis",
        "round",
        "shell-smash",
        "acrobatics",
        "bulldoze",
        "confide",
        "dazzling-gleam",
        "meteor-beam",
        "scorching-sands",
        "tera-blast",
      ],
    },
    {
      "evolvesFrom": "",
      "evolvesInto": [],
      "formName": "minior-yellow-meteor",
      "modes": [
        {
          "abilities": [
            "shields-down",
          ],
          "baseStats": {
            "attack": 60,
            "defense": 100,
            "hp": 60,
            "specialAttack": 60,
            "specialDefense": 100,
            "speed": 60,
          },
          "isDefault": false,
          "modeName": "minior-yellow-meteor",
          "sprite": "https://raw.githubusercontent.com/PokeAPI/sprites/master/sprites/pokemon/10131.png",
          "types": [
            "rock",
            "flying",
          ],
        },
        {
          "abilities": [
            "shields-down",
          ],
          "baseStats": {
            "attack": 100,
            "defense": 60,
            "hp": 60,
            "specialAttack": 100,
            "specialDefense": 60,
            "speed": 120,
          },
          "isDefault": false,
          "modeName": "minior-yellow",
          "sprite": "https://raw.githubusercontent.com/PokeAPI/sprites/master/sprites/pokemon/10138.png",
          "types": [
            "rock",
            "flying",
          ],
        },
      ],
      "movePool": [
        "tackle",
        "take-down",
        "double-edge",
        "hyper-beam",
        "solar-beam",
        "earthquake",
        "toxic",
        "psychic",
        "double-team",
        "confuse-ray",
        "defense-curl",
        "light-screen",
        "reflect",
        "self-destruct",
        "swift",
        "explosion",
        "rest",
        "rock-slide",
        "substitute",
        "snore",
        "protect",
        "sandstorm",
        "endure",
        "rollout",
        "swagger",
        "attract",
        "sleep-talk",
        "return",
        "frustration",
        "safeguard",
        "hidden-power",
        "psych-up",
        "ancient-power",
        "facade",
        "endeavor",
        "rock-tomb",
        "cosmic-power",
        "calm-mind",
        "rock-blast",
        "gravity",
        "gyro-ball",
        "u-turn",
        "last-resort",
        "magnet-rise",
        "rock-polish",
        "power-gem",
        "earth-power",
        "giga-impact",
        "zen-headbutt",
        "iron-head",
        "stone-edge",
        "stealth-rock",
        "charge-beam",
        "autotomize",
        "telekinesis",
        "round",
        "shell-smash",
        "acrobatics",
        "bulldoze",
        "confide",
        "dazzling-gleam",
        "meteor-beam",
        "scorching-sands",
        "tera-blast",
      ],
    },
    {
      "evolvesFrom": "",
      "evolvesInto": [],
      "formName": "minior-green-meteor",
      "modes": [
        {
          "abilities": [
            "shields-down",
          ],
          "baseStats": {
            "attack": 60,
            "defense": 100,
            "hp": 60,
            "specialAttack": 60,
            "specialDefense": 100,
            "speed": 60,
          },
          "isDefault": false,
          "modeName": "minior-green-meteor",
          "sprite": "https://raw.githubusercontent.com/PokeAPI/sprites/master/sprites/pokemon/10132.png",
          "types": [
            "rock",
            "flying",
          ],
        },
        {
          "abilities": [
            "shields-down",
          ],
          "baseStats": {
            "attack": 100,
            "defense": 60,
            "hp": 60,
            "specialAttack": 100,
            "specialDefense": 60,
            "speed": 120,
          },
          "isDefault": false,
          "modeName": "minior-green",
          "sprite": "https://raw.githubusercontent.com/PokeAPI/sprites/master/sprites/pokemon/10139.png",
          "types": [
            "rock",
            "flying",
          ],
        },
      ],
      "movePool": [
        "tackle",
        "take-down",
        "double-edge",
        "hyper-beam",
        "solar-beam",
        "earthquake",
        "toxic",
        "psychic",
        "double-team",
        "confuse-ray",
        "defense-curl",
        "light-screen",
        "reflect",
        "self-destruct",
        "swift",
        "explosion",
        "rest",
        "rock-slide",
        "substitute",
        "snore",
        "protect",
        "sandstorm",
        "endure",
        "rollout",
        "swagger",
        "attract",
        "sleep-talk",
        "return",
        "frustration",
        "safeguard",
        "hidden-power",
        "psych-up",
        "ancient-power",
        "facade",
        "endeavor",
        "rock-tomb",
        "cosmic-power",
        "calm-mind",
        "rock-blast",
        "gravity",
        "gyro-ball",
        "u-turn",
        "last-resort",
        "magnet-rise",
        "rock-polish",
        "power-gem",
        "earth-power",
        "giga-impact",
        "zen-headbutt",
        "iron-head",
        "stone-edge",
        "stealth-rock",
        "charge-beam",
        "autotomize",
        "telekinesis",
        "round",
        "shell-smash",
        "acrobatics",
        "bulldoze",
        "confide",
        "dazzling-gleam",
        "meteor-beam",
        "scorching-sands",
        "tera-blast",
      ],
    },
    {
      "evolvesFrom": "",
      "evolvesInto": [],
      "formName": "minior-blue-meteor",
      "modes": [
        {
          "abilities": [
            "shields-down",
          ],
          "baseStats": {
            "attack": 60,
            "defense": 100,
            "hp": 60,
            "specialAttack": 60,
            "specialDefense": 100,
            "speed": 60,
          },
          "isDefault": false,
          "modeName": "minior-blue-meteor",
          "sprite": "https://raw.githubusercontent.com/PokeAPI/sprites/master/sprites/pokemon/10133.png",
          "types": [
            "rock",
            "flying",
          ],
        },
        {
          "abilities": [
            "shields-down",
          ],
          "baseStats": {
            "attack": 100,
            "defense": 60,
            "hp": 60,
            "specialAttack": 100,
            "specialDefense": 60,
            "speed": 120,
          },
          "isDefault": false,
          "modeName": "minior-blue",
          "sprite": "https://raw.githubusercontent.com/PokeAPI/sprites/master/sprites/pokemon/10140.png",
          "types": [
            "rock",
            "flying",
          ],
        },
      ],
      "movePool": [
        "tackle",
        "take-down",
        "double-edge",
        "hyper-beam",
        "solar-beam",
        "earthquake",
        "toxic",
        "psychic",
        "double-team",
        "confuse-ray",
        "defense-curl",
        "light-screen",
        "reflect",
        "self-destruct",
        "swift",
        "explosion",
        "rest",
        "rock-slide",
        "substitute",
        "snore",
        "protect",
        "sandstorm",
        "endure",
        "rollout",
        "swagger",
        "attract",
        "sleep-talk",
        "return",
        "frustration",
        "safeguard",
        "hidden-power",
        "psych-up",
        "ancient-power",
        "facade",
        "endeavor",
        "rock-tomb",
        "cosmic-power",
        "calm-mind",
        "rock-blast",
        "gravity",
        "gyro-ball",
        "u-turn",
        "last-resort",
        "magnet-rise",
        "rock-polish",
        "power-gem",
        "earth-power",
        "giga-impact",
        "zen-headbutt",
        "iron-head",
        "stone-edge",
        "stealth-rock",
        "charge-beam",
        "autotomize",
        "telekinesis",
        "round",
        "shell-smash",
        "acrobatics",
        "bulldoze",
        "confide",
        "dazzling-gleam",
        "meteor-beam",
        "scorching-sands",
        "tera-blast",
      ],
    },
    {
      "evolvesFrom": "",
      "evolvesInto": [],
      "formName": "minior-indigo-meteor",
      "modes": [
        {
          "abilities": [
            "shields-down",
          ],
          "baseStats": {
            "attack": 60,
            "defense": 100,
            "hp": 60,
            "specialAttack": 60,
            "specialDefense": 100,
            "speed": 60,
          },
          "isDefault": false,
          "modeName": "minior-indigo-meteor",
          "sprite": "https://raw.githubusercontent.com/PokeAPI/sprites/master/sprites/pokemon/10134.png",
          "types": [
            "rock",
            "flying",
          ],
        },
        {
          "abilities": [
            "shields-down",
          ],
          "baseStats": {
            "attack": 100,
            "defense": 60,
            "hp": 60,
            "specialAttack": 100,
            "specialDefense": 60,
            "speed": 120,
          },
          "isDefault": false,
          "modeName": "minior-indigo",
          "sprite": "https://raw.githubusercontent.com/PokeAPI/sprites/master/sprites/pokemon/10141.png",
          "types": [
            "rock",
            "flying",
          ],
        },
      ],
      "movePool": [
        "tackle",
        "take-down",
        "double-edge",
        "hyper-beam",
        "solar-beam",
        "earthquake",
        "toxic",
        "psychic",
        "double-team",
        "confuse-ray",
        "defense-curl",
        "light-screen",
        "reflect",
        "self-destruct",
        "swift",
        "explosion",
        "rest",
        "rock-slide",
        "substitute",
        "snore",
        "protect",
        "sandstorm",
        "endure",
        "rollout",
        "swagger",
        "attract",
        "sleep-talk",
        "return",
        "frustration",
        "safeguard",
        "hidden-power",
        "psych-up",
        "ancient-power",
        "facade",
        "endeavor",
        "rock-tomb",
        "cosmic-power",
        "calm-mind",
        "rock-blast",
        "gravity",
        "gyro-ball",
        "u-turn",
        "last-resort",
        "magnet-rise",
        "rock-polish",
        "power-gem",
        "earth-power",
        "giga-impact",
        "zen-headbutt",
        "iron-head",
        "stone-edge",
        "stealth-rock",
        "charge-beam",
        "autotomize",
        "telekinesis",
        "round",
        "shell-smash",
        "acrobatics",
        "bulldoze",
        "confide",
        "dazzling-gleam",
        "meteor-beam",
        "scorching-sands",
        "tera-blast",
      ],
    },
    {
      "evolvesFrom": "",
      "evolvesInto": [],
      "formName": "minior-violet-meteor",
      "modes": [
        {
          "abilities": [
            "shields-down",
          ],
          "baseStats": {
            "attack": 60,
            "defense": 100,
            "hp": 60,
            "specialAttack": 60,
            "specialDefense": 100,
            "speed": 60,
          },
          "isDefault": false,
          "modeName": "minior-violet-meteor",
          "sprite": "https://raw.githubusercontent.com/PokeAPI/sprites/master/sprites/pokemon/10135.png",
          "types": [
            "rock",
            "flying",
          ],
        },
        {
          "abilities": [
            "shields-down",
          ],
          "baseStats": {
            "attack": 100,
            "defense": 60,
            "hp": 60,
            "specialAttack": 100,
            "specialDefense": 60,
            "speed": 120,
          },
          "isDefault": false,
          "modeName": "minior-violet",
          "sprite": "https://raw.githubusercontent.com/PokeAPI/sprites/master/sprites/pokemon/10142.png",
          "types": [
            "rock",
            "flying",
          ],
        },
      ],
      "movePool": [
        "tackle",
        "take-down",
        "double-edge",
        "hyper-beam",
        "solar-beam",
        "earthquake",
        "toxic",
        "psychic",
        "double-team",
        "confuse-ray",
        "defense-curl",
        "light-screen",
        "reflect",
        "self-destruct",
        "swift",
        "explosion",
        "rest",
        "rock-slide",
        "substitute",
        "snore",
        "protect",
        "sandstorm",
        "endure",
        "rollout",
        "swagger",
        "attract",
        "sleep-talk",
        "return",
        "frustration",
        "safeguard",
        "hidden-power",
        "psych-up",
        "ancient-power",
        "facade",
        "endeavor",
        "rock-tomb",
        "cosmic-power",
        "calm-mind",
        "rock-blast",
        "gravity",
        "gyro-ball",
        "u-turn",
        "last-resort",
        "magnet-rise",
        "rock-polish",
        "power-gem",
        "earth-power",
        "giga-impact",
        "zen-headbutt",
        "iron-head",
        "stone-edge",
        "stealth-rock",
        "charge-beam",
        "autotomize",
        "telekinesis",
        "round",
        "shell-smash",
        "acrobatics",
        "bulldoze",
        "confide",
        "dazzling-gleam",
        "meteor-beam",
        "scorching-sands",
        "tera-blast",
      ],
    },
  ],
  "name": "Minior",
  "nationalDexNumber": 774,
}
`;

exports[`Pokemon Transformer > correctly transforms Necrozma 1`] = `
{
  "forms": [
    {
      "evolvesFrom": "",
      "evolvesInto": [],
      "formName": "necrozma",
      "modes": [
        {
          "abilities": [
            "prism-armor",
          ],
          "baseStats": {
            "attack": 107,
            "defense": 101,
            "hp": 97,
            "specialAttack": 127,
            "specialDefense": 89,
            "speed": 79,
          },
          "isDefault": true,
          "modeName": "necrozma",
          "sprite": "https://raw.githubusercontent.com/PokeAPI/sprites/master/sprites/pokemon/800.png",
          "types": [
            "psychic",
          ],
        },
      ],
      "movePool": [
        "swords-dance",
        "body-slam",
        "hyper-beam",
        "solar-beam",
        "thunder-wave",
        "earthquake",
        "toxic",
        "confusion",
        "psychic",
        "double-team",
        "light-screen",
        "reflect",
        "swift",
        "rest",
        "rock-slide",
        "slash",
        "substitute",
        "thief",
        "snore",
        "protect",
        "scary-face",
        "outrage",
        "sandstorm",
        "endure",
        "swagger",
        "sleep-talk",
        "return",
        "frustration",
        "metal-claw",
        "morning-sun",
        "moonlight",
        "hidden-power",
        "sunny-day",
        "future-sight",
        "heat-wave",
        "facade",
        "recycle",
        "brick-break",
        "knock-off",
        "imprison",
        "hyper-voice",
        "rock-tomb",
        "cosmic-power",
        "signal-beam",
        "aerial-ace",
        "iron-defense",
        "calm-mind",
        "dragon-dance",
        "rock-blast",
        "shock-wave",
        "gravity",
        "gyro-ball",
        "embargo",
        "fling",
        "wring-out",
        "magnet-rise",
        "rock-polish",
        "dark-pulse",
        "night-slash",
        "x-scissor",
        "dragon-pulse",
        "power-gem",
        "earth-power",
        "giga-impact",
        "shadow-claw",
        "psycho-cut",
        "mirror-shot",
        "flash-cannon",
        "trick-room",
        "iron-head",
        "stone-edge",
        "stealth-rock",
        "charge-beam",
        "psyshock",
        "autotomize",
        "telekinesis",
        "round",
        "stored-power",
        "ally-switch",
        "bulldoze",
        "confide",
        "smart-strike",
        "brutal-swing",
        "psychic-fangs",
        "prismatic-laser",
        "photon-geyser",
        "breaking-swipe",
        "expanding-force",
        "meteor-beam",
        "tera-blast",
      ],
    },
    {
      "evolvesFrom": "",
      "evolvesInto": [],
      "formName": "necrozma-dusk",
      "modes": [
        {
          "abilities": [
            "prism-armor",
          ],
          "baseStats": {
            "attack": 157,
            "defense": 127,
            "hp": 97,
            "specialAttack": 113,
            "specialDefense": 109,
            "speed": 77,
          },
          "isDefault": false,
          "modeName": "necrozma-dusk",
          "sprite": "https://raw.githubusercontent.com/PokeAPI/sprites/master/sprites/pokemon/10155.png",
          "types": [
            "psychic",
            "steel",
          ],
        },
        {
          "abilities": [
            "neuroforce",
          ],
          "baseStats": {
            "attack": 167,
            "defense": 97,
            "hp": 97,
            "specialAttack": 167,
            "specialDefense": 97,
            "speed": 129,
          },
          "isDefault": false,
          "modeName": "necrozma-ultra",
          "sprite": "https://raw.githubusercontent.com/PokeAPI/sprites/master/sprites/pokemon/10157.png",
          "types": [
            "psychic",
            "dragon",
          ],
        },
      ],
      "movePool": [
        "swords-dance",
        "body-slam",
        "hyper-beam",
        "solar-beam",
        "thunder-wave",
        "earthquake",
        "toxic",
        "confusion",
        "psychic",
        "double-team",
        "light-screen",
        "reflect",
        "swift",
        "rest",
        "rock-slide",
        "slash",
        "substitute",
        "thief",
        "snore",
        "protect",
        "scary-face",
        "outrage",
        "sandstorm",
        "endure",
        "swagger",
        "sleep-talk",
        "return",
        "frustration",
        "metal-claw",
        "morning-sun",
        "moonlight",
        "hidden-power",
        "sunny-day",
        "future-sight",
        "heat-wave",
        "facade",
        "recycle",
        "brick-break",
        "knock-off",
        "imprison",
        "hyper-voice",
        "rock-tomb",
        "cosmic-power",
        "signal-beam",
        "aerial-ace",
        "iron-defense",
        "calm-mind",
        "dragon-dance",
        "rock-blast",
        "shock-wave",
        "gravity",
        "gyro-ball",
        "embargo",
        "fling",
        "wring-out",
        "magnet-rise",
        "rock-polish",
        "dark-pulse",
        "night-slash",
        "x-scissor",
        "dragon-pulse",
        "power-gem",
        "earth-power",
        "giga-impact",
        "shadow-claw",
        "psycho-cut",
        "mirror-shot",
        "flash-cannon",
        "trick-room",
        "iron-head",
        "stone-edge",
        "stealth-rock",
        "charge-beam",
        "psyshock",
        "autotomize",
        "telekinesis",
        "round",
        "stored-power",
        "ally-switch",
        "bulldoze",
        "confide",
        "smart-strike",
        "brutal-swing",
        "psychic-fangs",
        "prismatic-laser",
        "photon-geyser",
        "breaking-swipe",
        "expanding-force",
        "meteor-beam",
        "tera-blast",
      ],
    },
    {
      "evolvesFrom": "",
      "evolvesInto": [],
      "formName": "necrozma-dawn",
      "modes": [
        {
          "abilities": [
            "prism-armor",
          ],
          "baseStats": {
            "attack": 113,
            "defense": 109,
            "hp": 97,
            "specialAttack": 157,
            "specialDefense": 127,
            "speed": 77,
          },
          "isDefault": false,
          "modeName": "necrozma-dawn",
          "sprite": "https://raw.githubusercontent.com/PokeAPI/sprites/master/sprites/pokemon/10156.png",
          "types": [
            "psychic",
            "ghost",
          ],
        },
        {
          "abilities": [
            "neuroforce",
          ],
          "baseStats": {
            "attack": 167,
            "defense": 97,
            "hp": 97,
            "specialAttack": 167,
            "specialDefense": 97,
            "speed": 129,
          },
          "isDefault": false,
          "modeName": "necrozma-ultra",
          "sprite": "https://raw.githubusercontent.com/PokeAPI/sprites/master/sprites/pokemon/10157.png",
          "types": [
            "psychic",
            "dragon",
          ],
        },
      ],
      "movePool": [
        "swords-dance",
        "body-slam",
        "hyper-beam",
        "solar-beam",
        "thunder-wave",
        "earthquake",
        "toxic",
        "confusion",
        "psychic",
        "double-team",
        "light-screen",
        "reflect",
        "swift",
        "rest",
        "rock-slide",
        "slash",
        "substitute",
        "thief",
        "snore",
        "protect",
        "scary-face",
        "outrage",
        "sandstorm",
        "endure",
        "swagger",
        "sleep-talk",
        "return",
        "frustration",
        "metal-claw",
        "morning-sun",
        "moonlight",
        "hidden-power",
        "sunny-day",
        "future-sight",
        "heat-wave",
        "facade",
        "recycle",
        "brick-break",
        "knock-off",
        "imprison",
        "hyper-voice",
        "rock-tomb",
        "cosmic-power",
        "signal-beam",
        "aerial-ace",
        "iron-defense",
        "calm-mind",
        "dragon-dance",
        "rock-blast",
        "shock-wave",
        "gravity",
        "gyro-ball",
        "embargo",
        "fling",
        "wring-out",
        "magnet-rise",
        "rock-polish",
        "dark-pulse",
        "night-slash",
        "x-scissor",
        "dragon-pulse",
        "power-gem",
        "earth-power",
        "giga-impact",
        "shadow-claw",
        "psycho-cut",
        "mirror-shot",
        "flash-cannon",
        "trick-room",
        "iron-head",
        "stone-edge",
        "stealth-rock",
        "charge-beam",
        "psyshock",
        "autotomize",
        "telekinesis",
        "round",
        "stored-power",
        "ally-switch",
        "bulldoze",
        "confide",
        "smart-strike",
        "brutal-swing",
        "psychic-fangs",
        "prismatic-laser",
        "photon-geyser",
        "breaking-swipe",
        "expanding-force",
        "meteor-beam",
        "tera-blast",
      ],
    },
  ],
  "name": "Necrozma",
  "nationalDexNumber": 800,
}
`;

exports[`Pokemon Transformer > correctly transforms Pikachu 1`] = `
{
  "forms": [
    {
      "evolvesFrom": "pichu",
      "evolvesInto": [
        "raichu",
      ],
      "formName": "pikachu",
      "modes": [
        {
          "abilities": [
            "static",
            "lightning-rod",
          ],
          "baseStats": {
            "attack": 55,
            "defense": 40,
            "hp": 35,
            "specialAttack": 50,
            "specialDefense": 50,
            "speed": 90,
          },
          "isDefault": true,
          "modeName": "pikachu",
          "sprite": "https://raw.githubusercontent.com/PokeAPI/sprites/master/sprites/pokemon/25.png",
          "types": [
            "electric",
          ],
        },
        {
          "abilities": [
            "static",
            "lightning-rod",
          ],
          "baseStats": {
            "attack": 55,
            "defense": 40,
            "hp": 35,
            "specialAttack": 50,
            "specialDefense": 50,
            "speed": 90,
          },
          "isDefault": false,
          "modeName": "pikachu-gmax",
          "sprite": "https://raw.githubusercontent.com/PokeAPI/sprites/master/sprites/pokemon/10199.png",
          "types": [
            "electric",
          ],
        },
      ],
      "movePool": [
        "mega-punch",
        "pay-day",
        "thunder-punch",
        "slam",
        "double-kick",
        "mega-kick",
        "headbutt",
        "body-slam",
        "take-down",
        "double-edge",
        "tail-whip",
        "growl",
        "surf",
        "submission",
        "counter",
        "seismic-toss",
        "strength",
        "thunder-shock",
        "thunderbolt",
        "thunder-wave",
        "thunder",
        "dig",
        "toxic",
        "agility",
        "quick-attack",
        "rage",
        "mimic",
        "double-team",
        "defense-curl",
        "light-screen",
        "reflect",
        "bide",
        "swift",
        "skull-bash",
        "flash",
        "rest",
        "substitute",
        "thief",
        "snore",
        "curse",
        "reversal",
        "protect",
        "sweet-kiss",
        "mud-slap",
        "zap-cannon",
        "detect",
        "endure",
        "charm",
        "rollout",
        "swagger",
        "spark",
        "attract",
        "sleep-talk",
        "return",
        "frustration",
        "dynamic-punch",
        "encore",
        "iron-tail",
        "hidden-power",
        "rain-dance",
        "rock-smash",
        "uproar",
        "facade",
        "focus-punch",
        "charge",
        "helping-hand",
        "brick-break",
        "knock-off",
        "endeavor",
        "secret-power",
        "fake-tears",
        "signal-beam",
        "covet",
        "volt-tackle",
        "calm-mind",
        "shock-wave",
        "natural-gift",
        "feint",
        "fling",
        "magnet-rise",
        "nasty-plot",
        "discharge",
        "captivate",
        "grass-knot",
        "charge-beam",
        "electro-ball",
        "round",
        "echoed-voice",
        "volt-switch",
        "electroweb",
        "wild-charge",
        "disarming-voice",
        "draining-kiss",
        "play-rough",
        "play-nice",
        "confide",
        "eerie-impulse",
        "electric-terrain",
        "nuzzle",
        "laser-focus",
        "rising-voltage",
        "tera-blast",
        "trailblaze",
        "alluring-voice",
        "upper-hand",
      ],
    },
    {
      "evolvesFrom": "pichu",
      "evolvesInto": [
        "raichu",
      ],
      "formName": "pikachu-rock-star",
      "modes": [
        {
          "abilities": [
            "static",
            "lightning-rod",
          ],
          "baseStats": {
            "attack": 55,
            "defense": 40,
            "hp": 35,
            "specialAttack": 50,
            "specialDefense": 50,
            "speed": 90,
          },
          "isDefault": false,
          "modeName": "pikachu-rock-star",
          "sprite": "https://raw.githubusercontent.com/PokeAPI/sprites/master/sprites/pokemon/10080.png",
          "types": [
            "electric",
          ],
        },
      ],
      "movePool": [
        "thunder-punch",
        "slam",
        "tail-whip",
        "growl",
        "strength",
        "thunder-shock",
        "thunderbolt",
        "thunder-wave",
        "thunder",
        "dig",
        "toxic",
        "agility",
        "quick-attack",
        "double-team",
        "light-screen",
        "flash",
        "rest",
        "substitute",
        "snore",
        "protect",
        "swagger",
        "spark",
        "attract",
        "sleep-talk",
        "return",
        "frustration",
        "iron-tail",
        "hidden-power",
        "rain-dance",
        "rock-smash",
        "facade",
        "focus-punch",
        "helping-hand",
        "brick-break",
        "knock-off",
        "secret-power",
        "meteor-mash",
        "signal-beam",
        "covet",
        "shock-wave",
        "feint",
        "fling",
        "magnet-rise",
        "discharge",
        "grass-knot",
        "charge-beam",
        "electro-ball",
        "round",
        "echoed-voice",
        "volt-switch",
        "electroweb",
        "wild-charge",
        "play-nice",
        "confide",
        "nuzzle",
      ],
    },
    {
      "evolvesFrom": "pichu",
      "evolvesInto": [
        "raichu",
      ],
      "formName": "pikachu-belle",
      "modes": [
        {
          "abilities": [
            "static",
            "lightning-rod",
          ],
          "baseStats": {
            "attack": 55,
            "defense": 40,
            "hp": 35,
            "specialAttack": 50,
            "specialDefense": 50,
            "speed": 90,
          },
          "isDefault": false,
          "modeName": "pikachu-belle",
          "sprite": "https://raw.githubusercontent.com/PokeAPI/sprites/master/sprites/pokemon/10081.png",
          "types": [
            "electric",
          ],
        },
      ],
      "movePool": [
        "thunder-punch",
        "slam",
        "tail-whip",
        "growl",
        "strength",
        "thunder-shock",
        "thunderbolt",
        "thunder-wave",
        "thunder",
        "dig",
        "toxic",
        "agility",
        "quick-attack",
        "double-team",
        "light-screen",
        "flash",
        "rest",
        "substitute",
        "snore",
        "protect",
        "swagger",
        "spark",
        "attract",
        "sleep-talk",
        "return",
        "frustration",
        "iron-tail",
        "hidden-power",
        "rain-dance",
        "rock-smash",
        "facade",
        "focus-punch",
        "helping-hand",
        "brick-break",
        "knock-off",
        "secret-power",
        "signal-beam",
        "covet",
        "shock-wave",
        "feint",
        "fling",
        "magnet-rise",
        "discharge",
        "grass-knot",
        "charge-beam",
        "electro-ball",
        "round",
        "echoed-voice",
        "volt-switch",
        "electroweb",
        "wild-charge",
        "icicle-crash",
        "play-nice",
        "confide",
        "nuzzle",
      ],
    },
    {
      "evolvesFrom": "pichu",
      "evolvesInto": [
        "raichu",
      ],
      "formName": "pikachu-pop-star",
      "modes": [
        {
          "abilities": [
            "static",
            "lightning-rod",
          ],
          "baseStats": {
            "attack": 55,
            "defense": 40,
            "hp": 35,
            "specialAttack": 50,
            "specialDefense": 50,
            "speed": 90,
          },
          "isDefault": false,
          "modeName": "pikachu-pop-star",
          "sprite": "https://raw.githubusercontent.com/PokeAPI/sprites/master/sprites/pokemon/10082.png",
          "types": [
            "electric",
          ],
        },
      ],
      "movePool": [
        "thunder-punch",
        "slam",
        "tail-whip",
        "growl",
        "strength",
        "thunder-shock",
        "thunderbolt",
        "thunder-wave",
        "thunder",
        "dig",
        "toxic",
        "agility",
        "quick-attack",
        "double-team",
        "light-screen",
        "flash",
        "rest",
        "substitute",
        "snore",
        "protect",
        "swagger",
        "spark",
        "attract",
        "sleep-talk",
        "return",
        "frustration",
        "iron-tail",
        "hidden-power",
        "rain-dance",
        "rock-smash",
        "facade",
        "focus-punch",
        "helping-hand",
        "brick-break",
        "knock-off",
        "secret-power",
        "signal-beam",
        "covet",
        "shock-wave",
        "feint",
        "fling",
        "magnet-rise",
        "discharge",
        "grass-knot",
        "charge-beam",
        "electro-ball",
        "round",
        "echoed-voice",
        "volt-switch",
        "electroweb",
        "wild-charge",
        "draining-kiss",
        "play-nice",
        "confide",
        "nuzzle",
      ],
    },
    {
      "evolvesFrom": "pichu",
      "evolvesInto": [
        "raichu",
      ],
      "formName": "pikachu-phd",
      "modes": [
        {
          "abilities": [
            "static",
            "lightning-rod",
          ],
          "baseStats": {
            "attack": 55,
            "defense": 40,
            "hp": 35,
            "specialAttack": 50,
            "specialDefense": 50,
            "speed": 90,
          },
          "isDefault": false,
          "modeName": "pikachu-phd",
          "sprite": "https://raw.githubusercontent.com/PokeAPI/sprites/master/sprites/pokemon/10083.png",
          "types": [
            "electric",
          ],
        },
      ],
      "movePool": [
        "thunder-punch",
        "slam",
        "tail-whip",
        "growl",
        "strength",
        "thunder-shock",
        "thunderbolt",
        "thunder-wave",
        "thunder",
        "dig",
        "toxic",
        "agility",
        "quick-attack",
        "double-team",
        "light-screen",
        "flash",
        "rest",
        "substitute",
        "snore",
        "protect",
        "swagger",
        "spark",
        "attract",
        "sleep-talk",
        "return",
        "frustration",
        "iron-tail",
        "hidden-power",
        "rain-dance",
        "rock-smash",
        "facade",
        "focus-punch",
        "helping-hand",
        "brick-break",
        "knock-off",
        "secret-power",
        "signal-beam",
        "covet",
        "shock-wave",
        "feint",
        "fling",
        "magnet-rise",
        "discharge",
        "grass-knot",
        "charge-beam",
        "electro-ball",
        "round",
        "echoed-voice",
        "volt-switch",
        "electroweb",
        "wild-charge",
        "play-nice",
        "confide",
        "electric-terrain",
        "nuzzle",
      ],
    },
    {
      "evolvesFrom": "pichu",
      "evolvesInto": [
        "raichu",
      ],
      "formName": "pikachu-libre",
      "modes": [
        {
          "abilities": [
            "static",
            "lightning-rod",
          ],
          "baseStats": {
            "attack": 55,
            "defense": 40,
            "hp": 35,
            "specialAttack": 50,
            "specialDefense": 50,
            "speed": 90,
          },
          "isDefault": false,
          "modeName": "pikachu-libre",
          "sprite": "https://raw.githubusercontent.com/PokeAPI/sprites/master/sprites/pokemon/10084.png",
          "types": [
            "electric",
          ],
        },
      ],
      "movePool": [
        "thunder-punch",
        "slam",
        "tail-whip",
        "growl",
        "strength",
        "thunder-shock",
        "thunderbolt",
        "thunder-wave",
        "thunder",
        "dig",
        "toxic",
        "agility",
        "quick-attack",
        "double-team",
        "light-screen",
        "flash",
        "rest",
        "substitute",
        "snore",
        "protect",
        "swagger",
        "spark",
        "attract",
        "sleep-talk",
        "return",
        "frustration",
        "iron-tail",
        "hidden-power",
        "rain-dance",
        "rock-smash",
        "facade",
        "focus-punch",
        "helping-hand",
        "brick-break",
        "knock-off",
        "secret-power",
        "signal-beam",
        "covet",
        "shock-wave",
        "feint",
        "fling",
        "magnet-rise",
        "discharge",
        "grass-knot",
        "charge-beam",
        "electro-ball",
        "round",
        "echoed-voice",
        "volt-switch",
        "electroweb",
        "wild-charge",
        "flying-press",
        "play-nice",
        "confide",
        "nuzzle",
      ],
    },
    {
      "evolvesFrom": "pichu",
      "evolvesInto": [
        "raichu",
      ],
      "formName": "pikachu-cosplay",
      "modes": [
        {
          "abilities": [
            "static",
            "lightning-rod",
          ],
          "baseStats": {
            "attack": 55,
            "defense": 40,
            "hp": 35,
            "specialAttack": 50,
            "specialDefense": 50,
            "speed": 90,
          },
          "isDefault": false,
          "modeName": "pikachu-cosplay",
          "sprite": "https://raw.githubusercontent.com/PokeAPI/sprites/master/sprites/pokemon/10085.png",
          "types": [
            "electric",
          ],
        },
      ],
      "movePool": [
        "thunder-punch",
        "slam",
        "tail-whip",
        "growl",
        "strength",
        "thunder-shock",
        "thunderbolt",
        "thunder-wave",
        "thunder",
        "dig",
        "toxic",
        "agility",
        "quick-attack",
        "double-team",
        "light-screen",
        "flash",
        "rest",
        "substitute",
        "snore",
        "protect",
        "swagger",
        "spark",
        "attract",
        "sleep-talk",
        "return",
        "frustration",
        "iron-tail",
        "hidden-power",
        "rain-dance",
        "rock-smash",
        "facade",
        "focus-punch",
        "helping-hand",
        "brick-break",
        "knock-off",
        "secret-power",
        "signal-beam",
        "covet",
        "shock-wave",
        "feint",
        "fling",
        "magnet-rise",
        "discharge",
        "grass-knot",
        "charge-beam",
        "electro-ball",
        "round",
        "echoed-voice",
        "volt-switch",
        "electroweb",
        "wild-charge",
        "play-nice",
        "confide",
        "nuzzle",
      ],
    },
    {
      "evolvesFrom": "pichu",
      "evolvesInto": [
        "raichu",
      ],
      "formName": "pikachu-original-cap",
      "modes": [
        {
          "abilities": [
            "static",
            "lightning-rod",
          ],
          "baseStats": {
            "attack": 55,
            "defense": 40,
            "hp": 35,
            "specialAttack": 50,
            "specialDefense": 50,
            "speed": 90,
          },
          "isDefault": false,
          "modeName": "pikachu-original-cap",
          "sprite": "https://raw.githubusercontent.com/PokeAPI/sprites/master/sprites/pokemon/10094.png",
          "types": [
            "electric",
          ],
        },
      ],
      "movePool": [
        "mega-punch",
        "pay-day",
        "thunder-punch",
        "slam",
        "mega-kick",
        "body-slam",
        "take-down",
        "tail-whip",
        "growl",
        "surf",
        "thunder-shock",
        "thunderbolt",
        "thunder-wave",
        "thunder",
        "dig",
        "toxic",
        "agility",
        "quick-attack",
        "double-team",
        "light-screen",
        "reflect",
        "swift",
        "rest",
        "substitute",
        "thief",
        "snore",
        "reversal",
        "protect",
        "sweet-kiss",
        "endure",
        "charm",
        "swagger",
        "spark",
        "attract",
        "sleep-talk",
        "return",
        "frustration",
        "encore",
        "iron-tail",
        "hidden-power",
        "rain-dance",
        "uproar",
        "facade",
        "focus-punch",
        "helping-hand",
        "brick-break",
        "knock-off",
        "fake-tears",
        "signal-beam",
        "covet",
        "volt-tackle",
        "shock-wave",
        "feint",
        "fling",
        "magnet-rise",
        "nasty-plot",
        "discharge",
        "grass-knot",
        "charge-beam",
        "electro-ball",
        "round",
        "echoed-voice",
        "volt-switch",
        "electroweb",
        "wild-charge",
        "disarming-voice",
        "draining-kiss",
        "play-rough",
        "play-nice",
        "confide",
        "eerie-impulse",
        "electric-terrain",
        "nuzzle",
        "laser-focus",
        "rising-voltage",
        "tera-blast",
        "trailblaze",
      ],
    },
    {
      "evolvesFrom": "pichu",
      "evolvesInto": [
        "raichu",
      ],
      "formName": "pikachu-hoenn-cap",
      "modes": [
        {
          "abilities": [
            "static",
            "lightning-rod",
          ],
          "baseStats": {
            "attack": 55,
            "defense": 40,
            "hp": 35,
            "specialAttack": 50,
            "specialDefense": 50,
            "speed": 90,
          },
          "isDefault": false,
          "modeName": "pikachu-hoenn-cap",
          "sprite": "https://raw.githubusercontent.com/PokeAPI/sprites/master/sprites/pokemon/10095.png",
          "types": [
            "electric",
          ],
        },
      ],
      "movePool": [
        "mega-punch",
        "pay-day",
        "thunder-punch",
        "slam",
        "mega-kick",
        "body-slam",
        "take-down",
        "tail-whip",
        "growl",
        "surf",
        "thunder-shock",
        "thunderbolt",
        "thunder-wave",
        "thunder",
        "dig",
        "toxic",
        "agility",
        "quick-attack",
        "double-team",
        "light-screen",
        "reflect",
        "swift",
        "rest",
        "substitute",
        "thief",
        "snore",
        "reversal",
        "protect",
        "sweet-kiss",
        "endure",
        "charm",
        "swagger",
        "spark",
        "attract",
        "sleep-talk",
        "return",
        "frustration",
        "encore",
        "iron-tail",
        "hidden-power",
        "rain-dance",
        "uproar",
        "facade",
        "focus-punch",
        "helping-hand",
        "brick-break",
        "knock-off",
        "fake-tears",
        "signal-beam",
        "covet",
        "volt-tackle",
        "shock-wave",
        "feint",
        "fling",
        "magnet-rise",
        "nasty-plot",
        "discharge",
        "grass-knot",
        "charge-beam",
        "electro-ball",
        "round",
        "echoed-voice",
        "volt-switch",
        "electroweb",
        "wild-charge",
        "disarming-voice",
        "draining-kiss",
        "play-rough",
        "play-nice",
        "confide",
        "eerie-impulse",
        "electric-terrain",
        "nuzzle",
        "laser-focus",
        "rising-voltage",
        "tera-blast",
        "trailblaze",
      ],
    },
    {
      "evolvesFrom": "pichu",
      "evolvesInto": [
        "raichu",
      ],
      "formName": "pikachu-sinnoh-cap",
      "modes": [
        {
          "abilities": [
            "static",
            "lightning-rod",
          ],
          "baseStats": {
            "attack": 55,
            "defense": 40,
            "hp": 35,
            "specialAttack": 50,
            "specialDefense": 50,
            "speed": 90,
          },
          "isDefault": false,
          "modeName": "pikachu-sinnoh-cap",
          "sprite": "https://raw.githubusercontent.com/PokeAPI/sprites/master/sprites/pokemon/10096.png",
          "types": [
            "electric",
          ],
        },
      ],
      "movePool": [
        "mega-punch",
        "pay-day",
        "thunder-punch",
        "slam",
        "mega-kick",
        "body-slam",
        "take-down",
        "tail-whip",
        "growl",
        "surf",
        "counter",
        "thunder-shock",
        "thunderbolt",
        "thunder-wave",
        "thunder",
        "dig",
        "toxic",
        "agility",
        "quick-attack",
        "double-team",
        "light-screen",
        "reflect",
        "swift",
        "rest",
        "substitute",
        "thief",
        "snore",
        "flail",
        "reversal",
        "protect",
        "sweet-kiss",
        "endure",
        "charm",
        "swagger",
        "spark",
        "attract",
        "sleep-talk",
        "return",
        "frustration",
        "encore",
        "rapid-spin",
        "iron-tail",
        "metal-claw",
        "hidden-power",
        "rain-dance",
        "uproar",
        "facade",
        "focus-punch",
        "helping-hand",
        "brick-break",
        "knock-off",
        "crush-claw",
        "fake-tears",
        "signal-beam",
        "mud-shot",
        "covet",
        "volt-tackle",
        "shock-wave",
        "feint",
        "fling",
        "magnet-rise",
        "night-slash",
        "nasty-plot",
        "rock-climb",
        "discharge",
        "grass-knot",
        "charge-beam",
        "hone-claws",
        "electro-ball",
        "round",
        "echoed-voice",
        "chip-away",
        "volt-switch",
        "electroweb",
        "wild-charge",
        "rototiller",
        "disarming-voice",
        "draining-kiss",
        "play-rough",
        "play-nice",
        "confide",
        "eerie-impulse",
        "electric-terrain",
        "nuzzle",
        "laser-focus",
        "rising-voltage",
        "tera-blast",
        "trailblaze",
      ],
    },
    {
      "evolvesFrom": "pichu",
      "evolvesInto": [
        "raichu",
      ],
      "formName": "pikachu-unova-cap",
      "modes": [
        {
          "abilities": [
            "static",
            "lightning-rod",
          ],
          "baseStats": {
            "attack": 55,
            "defense": 40,
            "hp": 35,
            "specialAttack": 50,
            "specialDefense": 50,
            "speed": 90,
          },
          "isDefault": false,
          "modeName": "pikachu-unova-cap",
          "sprite": "https://raw.githubusercontent.com/PokeAPI/sprites/master/sprites/pokemon/10097.png",
          "types": [
            "electric",
          ],
        },
      ],
      "movePool": [
        "mega-punch",
        "pay-day",
        "thunder-punch",
        "slam",
        "mega-kick",
        "body-slam",
        "take-down",
        "tail-whip",
        "growl",
        "surf",
        "thunder-shock",
        "thunderbolt",
        "thunder-wave",
        "thunder",
        "dig",
        "toxic",
        "agility",
        "quick-attack",
        "double-team",
        "light-screen",
        "reflect",
        "swift",
        "rest",
        "substitute",
        "thief",
        "snore",
        "reversal",
        "protect",
        "sweet-kiss",
        "endure",
        "charm",
        "swagger",
        "spark",
        "attract",
        "sleep-talk",
        "return",
        "frustration",
        "encore",
        "iron-tail",
        "hidden-power",
        "rain-dance",
        "uproar",
        "facade",
        "focus-punch",
        "helping-hand",
        "brick-break",
        "knock-off",
        "fake-tears",
        "signal-beam",
        "covet",
        "volt-tackle",
        "shock-wave",
        "feint",
        "fling",
        "magnet-rise",
        "nasty-plot",
        "discharge",
        "grass-knot",
        "charge-beam",
        "electro-ball",
        "round",
        "echoed-voice",
        "volt-switch",
        "electroweb",
        "wild-charge",
        "disarming-voice",
        "draining-kiss",
        "play-rough",
        "play-nice",
        "confide",
        "eerie-impulse",
        "electric-terrain",
        "nuzzle",
        "laser-focus",
        "rising-voltage",
        "tera-blast",
        "trailblaze",
      ],
    },
    {
      "evolvesFrom": "pichu",
      "evolvesInto": [
        "raichu",
      ],
      "formName": "pikachu-kalos-cap",
      "modes": [
        {
          "abilities": [
            "static",
            "lightning-rod",
          ],
          "baseStats": {
            "attack": 55,
            "defense": 40,
            "hp": 35,
            "specialAttack": 50,
            "specialDefense": 50,
            "speed": 90,
          },
          "isDefault": false,
          "modeName": "pikachu-kalos-cap",
          "sprite": "https://raw.githubusercontent.com/PokeAPI/sprites/master/sprites/pokemon/10098.png",
          "types": [
            "electric",
          ],
        },
      ],
      "movePool": [
        "mega-punch",
        "pay-day",
        "thunder-punch",
        "slam",
        "mega-kick",
        "body-slam",
        "take-down",
        "tail-whip",
        "growl",
        "supersonic",
        "disable",
        "surf",
        "counter",
        "thunder-shock",
        "thunderbolt",
        "thunder-wave",
        "thunder",
        "dig",
        "toxic",
        "agility",
        "quick-attack",
        "double-team",
        "light-screen",
        "reflect",
        "focus-energy",
        "swift",
        "skull-bash",
        "rest",
        "substitute",
        "thief",
        "snore",
        "reversal",
        "protect",
        "sweet-kiss",
        "endure",
        "charm",
        "swagger",
        "spark",
        "attract",
        "sleep-talk",
        "return",
        "frustration",
        "encore",
        "pursuit",
        "iron-tail",
        "hidden-power",
        "rain-dance",
        "beat-up",
        "uproar",
        "facade",
        "focus-punch",
        "helping-hand",
        "brick-break",
        "knock-off",
        "fake-tears",
        "signal-beam",
        "poison-tail",
        "covet",
        "volt-tackle",
        "shock-wave",
        "feint",
        "fling",
        "magnet-rise",
        "nasty-plot",
        "discharge",
        "grass-knot",
        "charge-beam",
        "electro-ball",
        "round",
        "echoed-voice",
        "chip-away",
        "volt-switch",
        "electroweb",
        "wild-charge",
        "disarming-voice",
        "draining-kiss",
        "play-rough",
        "play-nice",
        "confide",
        "eerie-impulse",
        "venom-drench",
        "electric-terrain",
        "nuzzle",
        "laser-focus",
        "rising-voltage",
        "tera-blast",
        "trailblaze",
      ],
    },
    {
      "evolvesFrom": "pichu",
      "evolvesInto": [
        "raichu",
      ],
      "formName": "pikachu-alola-cap",
      "modes": [
        {
          "abilities": [
            "static",
            "lightning-rod",
          ],
          "baseStats": {
            "attack": 55,
            "defense": 40,
            "hp": 35,
            "specialAttack": 50,
            "specialDefense": 50,
            "speed": 90,
          },
          "isDefault": false,
          "modeName": "pikachu-alola-cap",
          "sprite": "https://raw.githubusercontent.com/PokeAPI/sprites/master/sprites/pokemon/10099.png",
          "types": [
            "electric",
          ],
        },
      ],
      "movePool": [
        "mega-punch",
        "pay-day",
        "thunder-punch",
        "slam",
        "mega-kick",
        "body-slam",
        "take-down",
        "tail-whip",
        "growl",
        "surf",
        "thunder-shock",
        "thunderbolt",
        "thunder-wave",
        "thunder",
        "dig",
        "toxic",
        "agility",
        "quick-attack",
        "double-team",
        "light-screen",
        "reflect",
        "swift",
        "rest",
        "substitute",
        "thief",
        "snore",
        "reversal",
        "protect",
        "sweet-kiss",
        "endure",
        "charm",
        "swagger",
        "spark",
        "attract",
        "sleep-talk",
        "return",
        "frustration",
        "encore",
        "iron-tail",
        "hidden-power",
        "rain-dance",
        "uproar",
        "facade",
        "focus-punch",
        "helping-hand",
        "brick-break",
        "knock-off",
        "fake-tears",
        "signal-beam",
        "covet",
        "volt-tackle",
        "shock-wave",
        "feint",
        "fling",
        "magnet-rise",
        "nasty-plot",
        "discharge",
        "grass-knot",
        "charge-beam",
        "electro-ball",
        "round",
        "echoed-voice",
        "volt-switch",
        "electroweb",
        "wild-charge",
        "disarming-voice",
        "draining-kiss",
        "play-rough",
        "play-nice",
        "confide",
        "eerie-impulse",
        "electric-terrain",
        "nuzzle",
        "laser-focus",
        "rising-voltage",
        "tera-blast",
        "trailblaze",
      ],
    },
    {
      "evolvesFrom": "pichu",
      "evolvesInto": [
        "raichu",
      ],
      "formName": "pikachu-partner-cap",
      "modes": [
        {
          "abilities": [
            "static",
            "lightning-rod",
          ],
          "baseStats": {
            "attack": 55,
            "defense": 40,
            "hp": 35,
            "specialAttack": 50,
            "specialDefense": 50,
            "speed": 90,
          },
          "isDefault": false,
          "modeName": "pikachu-partner-cap",
          "sprite": "https://raw.githubusercontent.com/PokeAPI/sprites/master/sprites/pokemon/10148.png",
          "types": [
            "electric",
          ],
        },
      ],
      "movePool": [
        "mega-punch",
        "pay-day",
        "thunder-punch",
        "slam",
        "mega-kick",
        "body-slam",
        "take-down",
        "tail-whip",
        "growl",
        "surf",
        "thunder-shock",
        "thunderbolt",
        "thunder-wave",
        "thunder",
        "dig",
        "toxic",
        "agility",
        "quick-attack",
        "double-team",
        "light-screen",
        "reflect",
        "swift",
        "rest",
        "substitute",
        "thief",
        "snore",
        "reversal",
        "protect",
        "sweet-kiss",
        "endure",
        "charm",
        "swagger",
        "spark",
        "attract",
        "sleep-talk",
        "return",
        "frustration",
        "encore",
        "iron-tail",
        "hidden-power",
        "rain-dance",
        "uproar",
        "facade",
        "focus-punch",
        "helping-hand",
        "brick-break",
        "knock-off",
        "fake-tears",
        "signal-beam",
        "covet",
        "volt-tackle",
        "shock-wave",
        "feint",
        "fling",
        "magnet-rise",
        "nasty-plot",
        "discharge",
        "grass-knot",
        "charge-beam",
        "electro-ball",
        "round",
        "echoed-voice",
        "volt-switch",
        "electroweb",
        "wild-charge",
        "disarming-voice",
        "draining-kiss",
        "play-rough",
        "play-nice",
        "confide",
        "eerie-impulse",
        "electric-terrain",
        "nuzzle",
        "laser-focus",
        "rising-voltage",
        "tera-blast",
        "trailblaze",
      ],
    },
    {
      "evolvesFrom": "pichu",
      "evolvesInto": [
        "raichu",
      ],
      "formName": "pikachu-world-cap",
      "modes": [
        {
          "abilities": [
            "static",
            "lightning-rod",
          ],
          "baseStats": {
            "attack": 55,
            "defense": 40,
            "hp": 35,
            "specialAttack": 50,
            "specialDefense": 50,
            "speed": 90,
          },
          "isDefault": false,
          "modeName": "pikachu-world-cap",
          "sprite": "https://raw.githubusercontent.com/PokeAPI/sprites/master/sprites/pokemon/10160.png",
          "types": [
            "electric",
          ],
        },
      ],
      "movePool": [
        "mega-punch",
        "pay-day",
        "thunder-punch",
        "slam",
        "mega-kick",
        "body-slam",
        "take-down",
        "tail-whip",
        "growl",
        "surf",
        "thunder-shock",
        "thunderbolt",
        "thunder-wave",
        "thunder",
        "dig",
        "agility",
        "quick-attack",
        "double-team",
        "light-screen",
        "reflect",
        "swift",
        "rest",
        "substitute",
        "thief",
        "snore",
        "reversal",
        "protect",
        "sweet-kiss",
        "endure",
        "charm",
        "spark",
        "attract",
        "sleep-talk",
        "encore",
        "iron-tail",
        "rain-dance",
        "uproar",
        "facade",
        "helping-hand",
        "brick-break",
        "fake-tears",
        "feint",
        "fling",
        "nasty-plot",
        "discharge",
        "grass-knot",
        "charge-beam",
        "electro-ball",
        "round",
        "volt-switch",
        "electroweb",
        "wild-charge",
        "disarming-voice",
        "draining-kiss",
        "play-rough",
        "play-nice",
        "eerie-impulse",
        "electric-terrain",
        "nuzzle",
        "rising-voltage",
        "tera-blast",
        "trailblaze",
      ],
    },
  ],
  "name": "Pikachu",
  "nationalDexNumber": 25,
}
`;

exports[`Pokemon Transformer > correctly transforms Zygarde 1`] = `
{
  "forms": [
    {
      "evolvesFrom": "",
      "evolvesInto": [],
      "formName": "zygarde-50",
      "modes": [
        {
          "abilities": [
            "aura-break",
          ],
          "baseStats": {
            "attack": 100,
            "defense": 121,
            "hp": 108,
            "specialAttack": 81,
            "specialDefense": 95,
            "speed": 95,
          },
          "isDefault": true,
          "modeName": "zygarde-50",
          "sprite": "https://raw.githubusercontent.com/PokeAPI/sprites/master/sprites/pokemon/718.png",
          "types": [
            "dragon",
            "ground",
          ],
        },
      ],
      "movePool": [
        "bind",
        "body-slam",
        "bite",
        "hyper-beam",
        "strength",
        "earthquake",
        "dig",
        "toxic",
        "double-team",
        "haze",
        "swift",
        "glare",
        "rest",
        "rock-slide",
        "substitute",
        "snore",
        "reversal",
        "spite",
        "protect",
        "outrage",
        "sandstorm",
        "endure",
        "swagger",
        "sleep-talk",
        "return",
        "frustration",
        "safeguard",
        "pain-split",
        "dragon-breath",
        "iron-tail",
        "hidden-power",
        "sunny-day",
        "crunch",
        "extreme-speed",
        "rock-smash",
        "facade",
        "superpower",
        "brick-break",
        "secret-power",
        "camouflage",
        "hyper-voice",
        "block",
        "dragon-dance",
        "shock-wave",
        "payback",
        "dragon-pulse",
        "focus-blast",
        "earth-power",
        "giga-impact",
        "zen-headbutt",
        "draco-meteor",
        "stone-edge",
        "grass-knot",
        "sludge-wave",
        "coil",
        "round",
        "retaliate",
        "bulldoze",
        "dragon-tail",
        "confide",
        "thousand-arrows",
        "thousand-waves",
        "lands-wrath",
        "high-horsepower",
        "core-enforcer",
        "stomping-tantrum",
        "breaking-swipe",
        "scale-shot",
        "skitter-smack",
        "scorching-sands",
      ],
    },
    {
      "evolvesFrom": "",
      "evolvesInto": [],
      "formName": "zygarde-10-power-construct",
      "modes": [
        {
          "abilities": [
            "power-construct",
          ],
          "baseStats": {
            "attack": 100,
            "defense": 71,
            "hp": 54,
            "specialAttack": 61,
            "specialDefense": 85,
            "speed": 115,
          },
          "isDefault": false,
          "modeName": "zygarde-10-power-construct",
          "sprite": "https://raw.githubusercontent.com/PokeAPI/sprites/master/sprites/pokemon/10118.png",
          "types": [
            "dragon",
            "ground",
          ],
        },
        {
          "abilities": [
            "power-construct",
          ],
          "baseStats": {
            "attack": 100,
            "defense": 121,
            "hp": 216,
            "specialAttack": 91,
            "specialDefense": 95,
            "speed": 85,
          },
          "isDefault": false,
          "modeName": "zygarde-complete",
          "sprite": "https://raw.githubusercontent.com/PokeAPI/sprites/master/sprites/pokemon/10120.png",
          "types": [
            "dragon",
            "ground",
          ],
        },
      ],
      "movePool": [
        "bind",
        "body-slam",
        "bite",
        "hyper-beam",
        "earthquake",
        "dig",
        "toxic",
        "double-team",
        "haze",
        "swift",
        "glare",
        "rest",
        "rock-slide",
        "substitute",
        "snore",
        "reversal",
        "spite",
        "protect",
        "outrage",
        "sandstorm",
        "endure",
        "swagger",
        "sleep-talk",
        "return",
        "frustration",
        "safeguard",
        "pain-split",
        "dragon-breath",
        "iron-tail",
        "hidden-power",
        "sunny-day",
        "crunch",
        "extreme-speed",
        "facade",
        "superpower",
        "brick-break",
        "camouflage",
        "hyper-voice",
        "block",
        "dragon-dance",
        "shock-wave",
        "payback",
        "dragon-pulse",
        "focus-blast",
        "earth-power",
        "giga-impact",
        "zen-headbutt",
        "draco-meteor",
        "stone-edge",
        "grass-knot",
        "sludge-wave",
        "coil",
        "round",
        "retaliate",
        "bulldoze",
        "dragon-tail",
        "confide",
        "thousand-arrows",
        "thousand-waves",
        "lands-wrath",
        "high-horsepower",
        "core-enforcer",
        "stomping-tantrum",
        "breaking-swipe",
        "scale-shot",
        "skitter-smack",
        "scorching-sands",
      ],
    },
    {
      "evolvesFrom": "",
      "evolvesInto": [],
      "formName": "zygarde-50-power-construct",
      "modes": [
        {
          "abilities": [
            "power-construct",
          ],
          "baseStats": {
            "attack": 100,
            "defense": 121,
            "hp": 108,
            "specialAttack": 81,
            "specialDefense": 95,
            "speed": 95,
          },
          "isDefault": false,
          "modeName": "zygarde-50-power-construct",
          "sprite": "https://raw.githubusercontent.com/PokeAPI/sprites/master/sprites/pokemon/10119.png",
          "types": [
            "dragon",
            "ground",
          ],
        },
        {
          "abilities": [
            "power-construct",
          ],
          "baseStats": {
            "attack": 100,
            "defense": 121,
            "hp": 216,
            "specialAttack": 91,
            "specialDefense": 95,
            "speed": 85,
          },
          "isDefault": false,
          "modeName": "zygarde-complete",
          "sprite": "https://raw.githubusercontent.com/PokeAPI/sprites/master/sprites/pokemon/10120.png",
          "types": [
            "dragon",
            "ground",
          ],
        },
      ],
      "movePool": [
        "bind",
        "body-slam",
        "bite",
        "hyper-beam",
        "earthquake",
        "dig",
        "toxic",
        "double-team",
        "haze",
        "swift",
        "glare",
        "rest",
        "rock-slide",
        "substitute",
        "snore",
        "reversal",
        "spite",
        "protect",
        "outrage",
        "sandstorm",
        "endure",
        "swagger",
        "sleep-talk",
        "return",
        "frustration",
        "safeguard",
        "pain-split",
        "dragon-breath",
        "iron-tail",
        "hidden-power",
        "sunny-day",
        "crunch",
        "extreme-speed",
        "facade",
        "superpower",
        "brick-break",
        "camouflage",
        "hyper-voice",
        "block",
        "dragon-dance",
        "shock-wave",
        "payback",
        "dragon-pulse",
        "focus-blast",
        "earth-power",
        "giga-impact",
        "zen-headbutt",
        "draco-meteor",
        "stone-edge",
        "grass-knot",
        "sludge-wave",
        "coil",
        "round",
        "retaliate",
        "bulldoze",
        "dragon-tail",
        "confide",
        "thousand-arrows",
        "thousand-waves",
        "lands-wrath",
        "high-horsepower",
        "core-enforcer",
        "stomping-tantrum",
        "breaking-swipe",
        "scale-shot",
        "skitter-smack",
        "scorching-sands",
      ],
    },
  ],
  "name": "Zygarde",
  "nationalDexNumber": 718,
}
`;
